Running Gradle task 'assembleDebug'...                          Terminate batch job (Y/N)? 